// Jest Snapshot v1, https://goo.gl/fbAQLP

exports[`HelloWorldApp Component should have the title in a h1 tag 1`] = `
<div>
  <h1
    data-testid="test-title"
  >
    Hello 
    Cristian
  </h1>
  <p>
    This is a simple React component.
  </p>
  <p>
    This is a simple React component.
  </p>
</div>
`;
